18:13:37.083 [debug] Child {XPLoggerFileBackend, :general_log} of Supervisor Logger.Backends.Supervisor started
Pid: #PID<0.103.0>
Start Call: Logger.Backends.Watcher.start_link({{XPLoggerFileBackend, :general_log}, {XPLoggerFileBackend, :general_log}})
Restart: :transient
Shutdown: 5000
Type: :worker
18:13:37.083 [info] Child Logger.Backends.Supervisor of Supervisor Logger.Backends.Internal started
Pid: #PID<0.102.0>
Start Call: Logger.Backends.Supervisor.start_link([{XPLoggerFileBackend, :general_log}])
Restart: :permanent
Shutdown: :infinity
Type: :supervisor
18:13:37.083 [info] Child Logger.Backends.Internal of Supervisor Logger.Supervisor started
Pid: #PID<0.98.0>
Start Call: Logger.Backends.Internal.start_link([])
Restart: :permanent
Shutdown: :infinity
Type: :supervisor
18:13:37.084 [info] Application logger started at :nonode@nohost
18:13:37.084 [info] Application xp_mime started at :nonode@nohost
18:13:37.084 [info] Application xp_hpax started at :nonode@nohost
18:13:37.084 [info] Application crypto started at :nonode@nohost
18:13:37.084 [info] Application asn1 started at :nonode@nohost
18:13:37.084 [info] Application public_key started at :nonode@nohost
18:13:37.085 [debug] Child :ssl_handler of Supervisor :logger_sup started
Pid: #PID<0.108.0>
Start Call: :logger_olp.start_link(:logger_std_h_ssl_handler, :logger_h_common, %{id: :ssl_handler, module: :logger_std_h, config: %{type: :standard_io, filesync_repeat_interval: :no_repeat}, level: :debug, filter_default: :stop, filters: [], formatter: {:ssl_logger, %{}}}, %{})
Restart: :temporary
Shutdown: 2000
Type: :worker
18:13:37.087 [info] Child :ssl_pem_cache of Supervisor :ssl_admin_sup started
Pid: #PID<0.112.0>
Start Call: :ssl_pem_cache.start_link([])
Restart: :permanent
Shutdown: 4000
Type: :worker
18:13:37.090 [info] Child :ssl_manager of Supervisor :ssl_admin_sup started
Pid: #PID<0.113.0>
Start Call: :ssl_manager.start_link([])
Restart: :permanent
Shutdown: 4000
Type: :worker
18:13:37.091 [info] Child :tls_client_ticket_store of Supervisor :ssl_admin_sup started
Pid: #PID<0.114.0>
Start Call: :tls_client_ticket_store.start_link(1000, 7200)
Restart: :permanent
Shutdown: 4000
Type: :worker
18:13:37.091 [info] Child :ssl_admin_sup of Supervisor :ssl_sup started
Pid: #PID<0.111.0>
Start Call: :ssl_admin_sup.start_link()
Restart: :permanent
Shutdown: 4000
Type: :supervisor
18:13:37.092 [info] Child :tls_connection_sup of Supervisor :tls_sup started
Pid: #PID<0.117.0>
Start Call: :tls_connection_sup.start_link()
Restart: :permanent
Shutdown: 4000
Type: :supervisor
18:13:37.093 [info] Child :ssl_listen_tracker_sup of Supervisor :tls_server_sup started
Pid: #PID<0.119.0>
Start Call: :ssl_listen_tracker_sup.start_link()
Restart: :permanent
Shutdown: 4000
Type: :supervisor
18:13:37.093 [info] Child :tls_server_session_ticket of Supervisor :tls_server_sup started
Pid: #PID<0.120.0>
Start Call: :tls_server_session_ticket_sup.start_link()
Restart: :permanent
Shutdown: 4000
Type: :supervisor
18:13:37.094 [info] Child :ssl_server_session_cache_sup of Supervisor :tls_server_sup started
Pid: #PID<0.121.0>
Start Call: :ssl_server_session_cache_sup.start_link()
Restart: :permanent
Shutdown: 4000
Type: :supervisor
18:13:37.094 [info] Child :ssl_upgrade_server_session_cache_sup of Supervisor :tls_server_sup started
Pid: #PID<0.122.0>
Start Call: :ssl_upgrade_server_session_cache_sup.start_link()
Restart: :permanent
Shutdown: 4000
Type: :supervisor
18:13:37.094 [info] Child :tls_server_sup of Supervisor :tls_sup started
Pid: #PID<0.118.0>
Start Call: :tls_server_sup.start_link()
Restart: :permanent
Shutdown: 4000
Type: :supervisor
18:13:37.094 [info] Child :tls_sup of Supervisor :ssl_connection_sup started
Pid: #PID<0.116.0>
Start Call: :tls_sup.start_link()
Restart: :permanent
Shutdown: 4000
Type: :supervisor
18:13:37.095 [info] Child :dtls_connection_sup of Supervisor :dtls_sup started
Pid: #PID<0.124.0>
Start Call: :dtls_connection_sup.start_link()
Restart: :permanent
Shutdown: 4000
Type: :supervisor
18:13:37.096 [info] Child :dtls_listener_sup of Supervisor :dtls_server_sup started
Pid: #PID<0.126.0>
Start Call: :dtls_listener_sup.start_link()
Restart: :permanent
Shutdown: 4000
Type: :supervisor
18:13:37.097 [info] Child :dtls_server_session_cache_sup of Supervisor :dtls_server_sup started
Pid: #PID<0.127.0>
Start Call: :dtls_server_session_cache_sup.start_link()
Restart: :permanent
Shutdown: 4000
Type: :supervisor
18:13:37.097 [info] Child :dtls_server_sup of Supervisor :dtls_sup started
Pid: #PID<0.125.0>
Start Call: :dtls_server_sup.start_link()
Restart: :permanent
Shutdown: 4000
Type: :supervisor
18:13:37.097 [info] Child :dtls_sup of Supervisor :ssl_connection_sup started
Pid: #PID<0.123.0>
Start Call: :dtls_sup.start_link()
Restart: :permanent
Shutdown: 4000
Type: :supervisor
18:13:37.097 [info] Child :ssl_connection_sup of Supervisor :ssl_sup started
Pid: #PID<0.115.0>
Start Call: :ssl_connection_sup.start_link()
Restart: :permanent
Shutdown: 4000
Type: :supervisor
18:13:37.097 [info] Application ssl started at :nonode@nohost
18:13:37.098 [info] Application xp_mint started at :nonode@nohost
18:13:37.098 [info] Application xp_nimble_options started at :nonode@nohost
18:13:37.099 [info] Child XPNimblePool.TaskSupervisor of Supervisor #PID<0.133.0> (Supervisor.Default) started
Pid: #PID<0.134.0>
Start Call: Task.Supervisor.start_link([name: XPNimblePool.TaskSupervisor])
Restart: :permanent
Shutdown: :infinity
Type: :supervisor
18:13:37.100 [info] Application xp_nimble_pool started at :nonode@nohost
18:13:37.101 [info] Child :telemetry_handler_table of Supervisor :telemetry_sup started
Pid: #PID<0.138.0>
Start Call: :telemetry_handler_table.start_link()
Restart: :permanent
Shutdown: 5000
Type: :worker
18:13:37.101 [info] Application xp_telemetry started at :nonode@nohost
18:13:37.101 [info] Application xp_finch started at :nonode@nohost
18:13:37.110 [info] Child XPReq.Finch.PIDPartition0 of Supervisor XPReq.Finch started
Pid: #PID<0.144.0>
Start Call: Registry.Partition.start_link(XPReq.Finch.PIDPartition0, {{:duplicate, :pid}, XPReq.Finch, 0, 1, XPReq.Finch.KeyPartition0, XPReq.Finch.PIDPartition0, [], false})
Restart: :permanent
Shutdown: 5000
Type: :worker
18:13:37.110 [info] Child XPReq.Finch of Supervisor XPReq.Finch.Supervisor started
Pid: #PID<0.143.0>
Start Call: Registry.start_link([keys: :duplicate, name: XPReq.Finch, meta: [config: %{pools: %{}, registry_name: XPReq.Finch, supervisor_name: XPReq.Finch.PoolSupervisor, manager_name: XPReq.Finch.PoolManager, default_pool_config: %{count: 1, size: 50, mod: XPFinch.HTTP1.Pool, conn_opts: [protocols: [:http1], transport_opts: [keepalive: true, nodelay: true, timeout: 5000], ssl_key_log_file_device: nil], pool_max_idle_time: :infinity, conn_max_idle_time: :infinity, start_pool_metrics?: false}}]])
Restart: :permanent
Shutdown: :infinity
Type: :supervisor
18:13:37.110 [info] Child XPReq.Finch.PoolSupervisor of Supervisor XPReq.Finch.Supervisor started
Pid: #PID<0.145.0>
Start Call: DynamicSupervisor.start_link([name: XPReq.Finch.PoolSupervisor, strategy: :one_for_one])
Restart: :permanent
Shutdown: :infinity
Type: :supervisor
18:13:37.110 [info] Child XPFinch.PoolManager of Supervisor XPReq.Finch.Supervisor started
Pid: #PID<0.146.0>
Start Call: XPFinch.PoolManager.start_link(%{pools: %{}, registry_name: XPReq.Finch, supervisor_name: XPReq.Finch.PoolSupervisor, manager_name: XPReq.Finch.PoolManager, default_pool_config: %{count: 1, size: 50, mod: XPFinch.HTTP1.Pool, conn_opts: [protocols: [:http1], transport_opts: [keepalive: true, nodelay: true, timeout: 5000], ssl_key_log_file_device: nil], pool_max_idle_time: :infinity, conn_max_idle_time: :infinity, start_pool_metrics?: false}})
Restart: :permanent
Shutdown: 5000
Type: :worker
18:13:37.110 [info] Child XPReq.Finch of Supervisor #PID<0.141.0> (Supervisor.Default) started
Pid: #PID<0.142.0>
Start Call: XPFinch.start_link([name: XPReq.Finch, pools: %{default: [protocols: [:http1]]}])
Restart: :permanent
Shutdown: 5000
Type: :worker
18:13:37.110 [info] Child XPReq.FinchSupervisor of Supervisor #PID<0.141.0> (Supervisor.Default) started
Pid: #PID<0.147.0>
Start Call: DynamicSupervisor.start_link([strategy: :one_for_one, name: XPReq.FinchSupervisor])
Restart: :permanent
Shutdown: :infinity
Type: :supervisor
18:13:37.111 [info] Child XPReq.Test.Ownership of Supervisor #PID<0.141.0> (Supervisor.Default) started
Pid: #PID<0.148.0>
Start Call: XPReq.Test.Ownership.start_link([name: XPReq.Test.Ownership])
Restart: :permanent
Shutdown: 5000
Type: :worker
18:13:37.111 [info] Application xp_req started at :nonode@nohost
18:13:37.111 [info] Application burrito started at :nonode@nohost
18:13:37.111 [info] Application xp_schematic started at :nonode@nohost
18:13:37.111 [info] Application xp_typed_struct started at :nonode@nohost
18:13:37.111 [info] Application xp_gen_lsp started at :nonode@nohost
18:13:37.115 [info] Child XPSnowflake.Generator of Supervisor #PID<0.151.0> (Supervisor.Default) started
Pid: #PID<0.152.0>
Start Call: XPSnowflake.Generator.start_link(0, 1023)
Restart: :permanent
Shutdown: 5000
Type: :worker
18:13:37.115 [info] Application xp_snowflake started at :nonode@nohost
18:13:37.115 [info] Application xp_sourceror started at :nonode@nohost
18:13:37.115 [info] Application xp_forge started at :nonode@nohost
18:13:37.115 [info] Application xp_logger_file_backend started at :nonode@nohost
18:13:37.117 [info] Child :ttb_autostart of Supervisor :runtime_tools_sup started
Pid: #PID<0.156.0>
Start Call: :ttb_autostart.start_link()
Restart: :temporary
Shutdown: 3000
Type: :worker
18:13:37.117 [info] Application runtime_tools started at :nonode@nohost
18:13:37.117 [info] Application et started at :nonode@nohost
18:13:37.117 [info] Application observer started at :nonode@nohost
18:13:37.117 [info] Application xp_path_glob started at :nonode@nohost
18:13:37.123 [info] Starting NodePortMapper on nonode@nohost
18:13:37.123 [info] Child XPForge.NodePortMapper of Supervisor XPExpert.Supervisor started
Pid: #PID<0.160.0>
Start Call: XPForge.NodePortMapper.start_link([])
Restart: :permanent
Shutdown: 5000
Type: :worker
18:13:37.124 [info] Child XPForge.Document.Store of Supervisor XPExpert.Supervisor started
Pid: #PID<0.161.0>
Start Call: XPForge.Document.Store.start_link([derive: [analysis: &XPForge.Ast.analyze/1]])
Restart: :permanent
Shutdown: 5000
Type: :worker
18:13:37.125 [info] Child XPExpert.ProjectSupervisor of Supervisor XPExpert.Supervisor started
Pid: #PID<0.162.0>
Start Call: DynamicSupervisor.start_link([name: XPExpert.ProjectSupervisor, strategy: :one_for_one])
Restart: :permanent
Shutdown: :infinity
Type: :supervisor
18:13:37.125 [info] Child XPExpert.DynamicSupervisor of Supervisor XPExpert.Supervisor started
Pid: #PID<0.163.0>
Start Call: DynamicSupervisor.start_link([name: XPExpert.DynamicSupervisor])
Restart: :permanent
Shutdown: :infinity
Type: :supervisor
18:13:37.126 [info] Child XPGenLSP.Assigns of Supervisor XPExpert.Supervisor started
Pid: #PID<0.164.0>
Start Call: XPGenLSP.Assigns.start_link([name: XPExpert.Assigns])
Restart: :permanent
Shutdown: 5000
Type: :worker
18:13:37.126 [info] Child :expert_task_queue of Supervisor XPExpert.Supervisor started
Pid: #PID<0.165.0>
Start Call: Task.Supervisor.start_link([name: :expert_task_queue])
Restart: :permanent
Shutdown: :infinity
Type: :supervisor
18:13:37.126 [info] Child XPGenLSP.Buffer of Supervisor XPExpert.Supervisor started
Pid: #PID<0.166.0>
Start Call: XPGenLSP.Buffer.start_link([name: XPExpert.Buffer])
Restart: :permanent
Shutdown: 5000
Type: :worker
18:13:37.127 [debug] [name: XPExpert, buffer: XPExpert.Buffer, task_supervisor: :expert_task_queue, dynamic_supervisor: XPExpert.DynamicSupervisor, assigns: XPExpert.Assigns]
18:13:37.129 [info] Child XPExpert of Supervisor XPExpert.Supervisor started
Pid: #PID<0.167.0>
Start Call: XPExpert.start_link([name: XPExpert, buffer: XPExpert.Buffer, task_supervisor: :expert_task_queue, dynamic_supervisor: XPExpert.DynamicSupervisor, assigns: XPExpert.Assigns])
Restart: :permanent
Shutdown: 500
Type: :worker
18:13:37.129 [info] Application xp_expert started at :nonode@nohost
18:13:37.201 [debug] handled request client -> server initialize in 66ms
18:13:37.204 [debug] sent request server -> client client/registerCapability
18:13:37.208 [info] Opened file:///home/goku/elixir/myapp/lib/myapp.ex
18:13:37.208 [debug] handled notification client -> server textDocument/didOpen in 5ms
18:13:37.227 [info] [Project file:///home/goku/elixir/myapp] Starting project
18:13:37.227 [debug] sent notification server -> client window/logMessage
18:13:37.231 [info] Child {XPExpert.EngineSupervisor, "myapp"} of Supervisor :"myapp::supervisor" started
Pid: #PID<0.174.0>
Start Call: XPExpert.EngineSupervisor.start_link(%XPForge.Project{root_uri: "file:///home/goku/elixir/myapp", mix_exs_uri: "file:///home/goku/elixir/myapp/mix.exs", mix_project?: true, mix_env: nil, mix_target: nil, env_variables: %{}, project_module: nil, entropy: 29331})
Restart: :permanent
Shutdown: 5000
Type: :worker
18:13:37.232 [debug] sent request server -> client window/workDoneProgress/create
18:13:37.235 [debug] handled notification client -> server initialized in 32ms
18:13:37.235 [debug] sent notification server -> client $/progress
18:13:37.239 [info] Child XPForge.EPMD of Supervisor :net_sup started
Pid: #PID<0.177.0>
Start Call: XPForge.EPMD.start_link()
Restart: :permanent
Shutdown: 2000
Type: :worker
18:13:37.239 [info] Child :auth of Supervisor :net_sup started
Pid: #PID<0.178.0>
Start Call: :auth.start_link()
Restart: :permanent
Shutdown: 2000
Type: :worker
18:13:37.245 [info] Child :net_kernel of Supervisor :net_sup started
Pid: #PID<0.179.0>
Start Call: :net_kernel.start_link(%{name: :"expert-manager-myapp-29331@127.0.0.1", supervisor: :net_sup_dynamic, net_tickintensity: 4, net_ticktime: 60, name_domain: :longnames, clean_halt: false})
Restart: :permanent
Shutdown: 2000
Type: :worker
18:13:37.245 [debug] Child :net_sup_dynamic of Supervisor :kernel_sup started
Pid: #PID<0.176.0>
Start Call: :erl_distribution.start_link(%{name: :"expert-manager-myapp-29331@127.0.0.1", supervisor: :net_sup_dynamic, net_tickintensity: 4, net_ticktime: 60, name_domain: :longnames, clean_halt: false})
Restart: :permanent
Shutdown: 1000
Type: :supervisor
18:13:37.407 [info] [Project file:///home/goku/elixir/myapp] Found elixir executable at /home/goku/.asdf/shims/elixir
18:13:37.407 [debug] sent notification server -> client window/logMessage
18:13:37.408 [info] [Project file:///home/goku/elixir/myapp] Finding or building engine
18:13:37.408 [debug] sent notification server -> client window/logMessage
18:13:37.408 [debug] sent request server -> client window/workDoneProgress/create
18:13:37.408 [debug] sent notification server -> client $/progress
18:13:39.669 [debug] Building engine: * creating /home/goku/.asdf/installs/elixir/1.19.4/.mix/archives/hex-2.3.1-otp-28

18:13:41.376 [debug] Building engine: * creating /home/goku/.asdf/installs/elixir/1.19.4/.mix/elixir/1-19-otp-28/rebar3

18:13:42.511 [debug] Building engine: Rewriting 20 app files

18:13:42.552 [debug] Building engine: Rewriting .beam files

18:13:42.595 [debug] Building engine:  Found 0 protocols
 Found 1640 app beam files

18:13:42.610 [debug] Building engine: 
18:13:42.610 [debug] Building engine: Applying namespace:   0% complete
18:13:42.677 [debug] Building engine: 
18:13:42.677 [debug] Building engine: Applying namespace:   2% complete
18:13:42.744 [debug] Building engine: Applying namespace:   4% complete
18:13:42.810 [debug] Building engine: 
18:13:42.811 [debug] Building engine: Applying namespace:   5% complete
18:13:42.879 [debug] Building engine: 
18:13:42.880 [debug] Building engine: Applying namespace:   6% complete
18:13:42.949 [debug] Building engine: 
18:13:42.949 [debug] Building engine: Applying namespace:   7% complete
18:13:43.017 [debug] Building engine: 
18:13:43.017 [debug] Building engine: Applying namespace:   8% complete
18:13:43.084 [debug] Building engine: 
18:13:43.085 [debug] Building engine: Applying namespace:   9% complete
18:13:43.151 [debug] Building engine: 
18:13:43.151 [debug] Building engine: Applying namespace:  10% complete
18:13:43.219 [debug] Building engine: 
18:13:43.220 [debug] Building engine: Applying namespace:  10% complete
18:13:43.288 [debug] Building engine: 
18:13:43.290 [debug] Building engine: Applying namespace:  11% complete
18:13:43.364 [debug] Building engine: Applying namespace:  12% complete
18:13:43.430 [debug] Building engine: 
18:13:43.431 [debug] Building engine: Applying namespace:  13% complete
18:13:43.495 [debug] Building engine: 
18:13:43.496 [debug] Building engine: Applying namespace:  15% complete
18:13:43.561 [debug] Building engine: 
18:13:43.562 [debug] Building engine: Applying namespace:  16% complete
18:13:43.654 [debug] Building engine: Applying namespace:  17% complete
18:13:43.722 [debug] Building engine: 
18:13:43.723 [debug] Building engine: Applying namespace:  17% complete
18:13:43.819 [debug] Building engine: 
18:13:43.820 [debug] Building engine: Applying namespace:  17% complete
18:13:43.892 [debug] Building engine: Applying namespace:  17% complete
18:13:43.964 [debug] Building engine: 
18:13:43.964 [debug] Building engine: Applying namespace:  18% complete
18:13:44.032 [debug] Building engine: 
18:13:44.033 [debug] Building engine: Applying namespace:  18% complete
18:13:44.111 [debug] Building engine: 
18:13:44.111 [debug] Building engine: Applying namespace:  20% complete
18:13:44.178 [debug] Building engine: 
18:13:44.179 [debug] Building engine: Applying namespace:  20% complete
18:13:44.252 [debug] Building engine: 
18:13:44.252 [debug] Building engine: Applying namespace:  21% complete
18:13:44.317 [debug] Building engine: 
18:13:44.319 [debug] Building engine: Applying namespace:  22% complete
18:13:44.384 [debug] Building engine: 
18:13:44.385 [debug] Building engine: Applying namespace:  23% complete
18:13:44.452 [debug] Building engine: 
18:13:44.452 [debug] Building engine: Applying namespace:  24% complete
18:13:44.518 [debug] Building engine: 
18:13:44.518 [debug] Building engine: Applying namespace:  25% complete
18:13:44.591 [debug] Building engine: 
18:13:44.595 [debug] Building engine: Applying namespace:  27% complete
18:13:44.661 [debug] Building engine: 
18:13:44.662 [debug] Building engine: Applying namespace:  28% complete
18:13:44.727 [debug] Building engine: 
18:13:44.727 [debug] Building engine: Applying namespace:  29% complete
18:13:44.792 [debug] Building engine: 
18:13:44.792 [debug] Building engine: Applying namespace:  31% complete
18:13:44.859 [debug] Building engine: 
18:13:44.859 [debug] Building engine: Applying namespace:  33% complete
18:13:44.927 [debug] Building engine: 
18:13:44.929 [debug] Building engine: Applying namespace:  37% complete
18:13:44.998 [debug] Building engine: Applying namespace:  42% complete
18:13:45.060 [debug] Building engine: Applying namespace:  47% complete
18:13:45.127 [debug] Building engine: 
18:13:45.127 [debug] Building engine: Applying namespace:  53% complete
18:13:45.192 [debug] Building engine: 
18:13:45.193 [debug] Building engine: Applying namespace:  58% complete
18:13:45.258 [debug] Building engine: 
18:13:45.259 [debug] Building engine: Applying namespace:  64% complete
18:13:45.327 [debug] Building engine: Applying namespace:  71% complete
18:13:45.393 [debug] Building engine: 
18:13:45.393 [debug] Building engine: Applying namespace:  79% complete
18:13:45.459 [debug] Building engine: 
18:13:45.460 [debug] Building engine: Applying namespace:  87% complete
18:13:45.526 [debug] Building engine: 
18:13:45.526 [debug] Building engine: Applying namespace:  92% complete
18:13:45.598 [debug] Building engine: 
18:13:45.598 [debug] Building engine: Applying namespace:  94% complete
18:13:45.741 [debug] Building engine: 
18:13:45.742 [debug] Building engine: Applying namespace:  94% complete
18:13:45.818 [debug] Building engine: 
18:13:45.818 [debug] Building engine: Applying namespace:  95% complete
18:13:45.884 [debug] Building engine: Applying namespace:  96% complete
18:13:45.952 [debug] Building engine: Applying namespace:  97% complete
18:13:46.031 [debug] Building engine: Applying namespace:  98% complete
18:13:46.117 [debug] Building engine: 
18:13:46.117 [debug] Building engine: Applying namespace:  99% complete
18:13:46.209 [debug] Building engine: 
18:13:46.209 [debug] Building engine: Applying namespace:  99% complete
18:13:46.517 [debug] Building engine: 
18:13:46.517 [debug] Building engine: Applying namespace:  99% complete
18:13:48.257 [debug] Building engine: 
18:13:48.257 [debug] Building engine: Applying namespace: 100% complete
 done

18:13:48.282 [debug] Building engine: Rewriting 0 scripts

18:13:48.284 [debug] Building engine: Rebuilding 0 boot files

18:13:48.307 [debug] Building engine: Rewriting 0 config scripts.

18:13:48.312 [info] Engine build available at: /home/goku/.local/share/Expert/0.1.0/ex-1.19.4-erl-16.1.2/QyWGvhFpwkDJFYoA-rLmqw/_build/dev_ns
18:13:48.345 [info] ebin paths:
["/home/goku/.local/share/Expert/0.1.0/ex-1.19.4-erl-16.1.2/QyWGvhFpwkDJFYoA-rLmqw/_build/dev_ns/lib/mix_install/ebin",
 "/home/goku/.local/share/Expert/0.1.0/ex-1.19.4-erl-16.1.2/QyWGvhFpwkDJFYoA-rLmqw/_build/dev_ns/lib/patch/ebin",
 "/home/goku/.local/share/Expert/0.1.0/ex-1.19.4-erl-16.1.2/QyWGvhFpwkDJFYoA-rLmqw/_build/dev_ns/lib/xp_bunt/ebin",
 "/home/goku/.local/share/Expert/0.1.0/ex-1.19.4-erl-16.1.2/QyWGvhFpwkDJFYoA-rLmqw/_build/dev_ns/lib/xp_credo/ebin",
 "/home/goku/.local/share/Expert/0.1.0/ex-1.19.4-erl-16.1.2/QyWGvhFpwkDJFYoA-rLmqw/_build/dev_ns/lib/xp_deps_nix/ebin",
 "/home/goku/.local/share/Expert/0.1.0/ex-1.19.4-erl-16.1.2/QyWGvhFpwkDJFYoA-rLmqw/_build/dev_ns/lib/xp_elixir_sense/ebin",
 "/home/goku/.local/share/Expert/0.1.0/ex-1.19.4-erl-16.1.2/QyWGvhFpwkDJFYoA-rLmqw/_build/dev_ns/lib/xp_engine/ebin",
 "/home/goku/.local/share/Expert/0.1.0/ex-1.19.4-erl-16.1.2/QyWGvhFpwkDJFYoA-rLmqw/_build/dev_ns/lib/xp_file_system/ebin",
 "/home/goku/.local/share/Expert/0.1.0/ex-1.19.4-erl-16.1.2/QyWGvhFpwkDJFYoA-rLmqw/_build/dev_ns/lib/xp_forge/ebin",
 "/home/goku/.local/share/Expert/0.1.0/ex-1.19.4-erl-16.1.2/QyWGvhFpwkDJFYoA-rLmqw/_build/dev_ns/lib/xp_gen_lsp/ebin",
 "/home/goku/.local/share/Expert/0.1.0/ex-1.19.4-erl-16.1.2/QyWGvhFpwkDJFYoA-rLmqw/_build/dev_ns/lib/xp_hpax/ebin",
 "/home/goku/.local/share/Expert/0.1.0/ex-1.19.4-erl-16.1.2/QyWGvhFpwkDJFYoA-rLmqw/_build/dev_ns/lib/xp_jason/ebin",
 "/home/goku/.local/share/Expert/0.1.0/ex-1.19.4-erl-16.1.2/QyWGvhFpwkDJFYoA-rLmqw/_build/dev_ns/lib/xp_mint/ebin",
 "/home/goku/.local/share/Expert/0.1.0/ex-1.19.4-erl-16.1.2/QyWGvhFpwkDJFYoA-rLmqw/_build/dev_ns/lib/xp_nimble_options/ebin",
 "/home/goku/.local/share/Expert/0.1.0/ex-1.19.4-erl-16.1.2/QyWGvhFpwkDJFYoA-rLmqw/_build/dev_ns/lib/xp_nimble_parsec/ebin",
 "/home/goku/.local/share/Expert/0.1.0/ex-1.19.4-erl-16.1.2/QyWGvhFpwkDJFYoA-rLmqw/_build/dev_ns/lib/xp_path_glob/ebin",
 "/home/goku/.local/share/Expert/0.1.0/ex-1.19.4-erl-16.1.2/QyWGvhFpwkDJFYoA-rLmqw/_build/dev_ns/lib/xp_refactorex/ebin",
 "/home/goku/.local/share/Expert/0.1.0/ex-1.19.4-erl-16.1.2/QyWGvhFpwkDJFYoA-rLmqw/_build/dev_ns/lib/xp_schematic/ebin",
 "/home/goku/.local/share/Expert/0.1.0/ex-1.19.4-erl-16.1.2/QyWGvhFpwkDJFYoA-rLmqw/_build/dev_ns/lib/xp_snowflake/ebin",
 "/home/goku/.local/share/Expert/0.1.0/ex-1.19.4-erl-16.1.2/QyWGvhFpwkDJFYoA-rLmqw/_build/dev_ns/lib/xp_sourceror/ebin",
 "/home/goku/.local/share/Expert/0.1.0/ex-1.19.4-erl-16.1.2/QyWGvhFpwkDJFYoA-rLmqw/_build/dev_ns/lib/xp_telemetry/ebin",
 "/home/goku/.local/share/Expert/0.1.0/ex-1.19.4-erl-16.1.2/QyWGvhFpwkDJFYoA-rLmqw/_build/dev_ns/lib/xp_typed_struct/ebin"]
18:13:48.372 [debug] sent notification server -> client $/progress
18:13:48.373 [debug] sent notification server -> client $/progress
18:13:48.810 [debug] sent notification server -> client $/progress
18:13:48.813 [debug] Node port message: ok

18:13:48.976 [debug] Node port message: 
18:13:48.967 [notice] Application mix exited: :stopped

18:13:48.993 [debug] Node port message:     warning: redefining module Myapp.MixProject (current version defined in memory)
    â
  1 â defmodule Myapp.MixProject do
    â ~~~~~~~~~~~~~~~~~~~~~~~~~~~~~
    â
    ââ /home/goku/elixir/myapp/mix.exs:1: Myapp.MixProject (module)


18:13:49.003 [debug] sent notification server -> client $/progress
18:13:49.003 [debug] sent notification server -> client $/progress
18:13:49.008 [debug] sent notification server -> client $/progress
18:13:49.166 [debug] sent notification server -> client $/progress
18:13:49.166 [debug] sent notification server -> client $/progress
18:13:49.166 [debug] sent notification server -> client $/progress
18:13:49.167 [debug] sent notification server -> client $/progress
18:13:49.167 [debug] sent notification server -> client $/progress
18:13:49.167 [debug] sent notification server -> client $/progress
18:13:49.167 [debug] sent notification server -> client $/progress
18:13:49.167 [debug] sent notification server -> client $/progress
18:13:49.167 [debug] sent notification server -> client $/progress
18:13:49.167 [debug] sent notification server -> client $/progress
18:13:49.167 [debug] sent notification server -> client $/progress
18:13:49.167 [debug] sent notification server -> client $/progress
18:13:49.167 [debug] sent notification server -> client $/progress
18:13:49.167 [debug] sent notification server -> client $/progress
18:13:49.167 [debug] sent notification server -> client $/progress
18:13:49.167 [debug] sent notification server -> client $/progress
18:13:49.167 [debug] sent notification server -> client $/progress
18:13:49.167 [debug] sent notification server -> client $/progress
18:13:49.167 [debug] sent notification server -> client $/progress
18:13:49.167 [info] Child {XPExpert.Project.Node, "myapp"} of Supervisor :"myapp::supervisor" started
Pid: #PID<0.175.0>
Start Call: XPExpert.Project.Node.start_link(%XPForge.Project{root_uri: "file:///home/goku/elixir/myapp", mix_exs_uri: "file:///home/goku/elixir/myapp/mix.exs", mix_project?: true, mix_env: nil, mix_target: nil, env_variables: %{}, project_module: nil, entropy: 29331})
Restart: :permanent
Shutdown: 5000
Type: :worker
18:13:49.169 [info] Child {XPExpert.Project.Diagnostics, "myapp"} of Supervisor :"myapp::supervisor" started
Pid: #PID<0.209.0>
Start Call: XPExpert.Project.Diagnostics.start_link(%XPForge.Project{root_uri: "file:///home/goku/elixir/myapp", mix_exs_uri: "file:///home/goku/elixir/myapp/mix.exs", mix_project?: true, mix_env: nil, mix_target: nil, env_variables: %{}, project_module: nil, entropy: 29331})
Restart: :permanent
Shutdown: 5000
Type: :worker
18:13:49.170 [info] Child {XPExpert.Project.Intelligence, "myapp"} of Supervisor :"myapp::supervisor" started
Pid: #PID<0.210.0>
Start Call: XPExpert.Project.Intelligence.start_link(%XPForge.Project{root_uri: "file:///home/goku/elixir/myapp", mix_exs_uri: "file:///home/goku/elixir/myapp/mix.exs", mix_project?: true, mix_env: nil, mix_target: nil, env_variables: %{}, project_module: nil, entropy: 29331})
Restart: :permanent
Shutdown: 5000
Type: :worker
18:13:49.170 [info] Child XPExpert.Project.SearchListener of Supervisor :"myapp::supervisor" started
Pid: #PID<0.211.0>
Start Call: XPExpert.Project.SearchListener.start_link(%XPForge.Project{root_uri: "file:///home/goku/elixir/myapp", mix_exs_uri: "file:///home/goku/elixir/myapp/mix.exs", mix_project?: true, mix_env: nil, mix_target: nil, env_variables: %{}, project_module: nil, entropy: 29331})
Restart: :permanent
Shutdown: 5000
Type: :worker
18:13:49.171 [info] Engine initialized
18:13:49.228 [debug] Node port message: 
18:13:49.228 [info] Building myapp

18:13:49.228 [debug] sent request server -> client window/workDoneProgress/create
18:13:49.229 [debug] Node port message: 
18:13:49.228 [debug] sent request server -> client window/workDoneProgress/create

18:13:49.229 [debug] sent notification server -> client $/progress
18:13:49.229 [debug] Node port message: 
18:13:49.229 [debug] sent notification server -> client $/progress

18:13:49.243 [debug] sent notification server -> client $/progress
18:13:49.243 [debug] Node port message: 
18:13:49.243 [debug] sent notification server -> client $/progress

18:13:49.856 [debug] Node port message: * creating /home/goku/.asdf/installs/elixir/1.19.4/.mix/archives/hex-2.3.1-otp-28

18:13:49.856 [debug] sent notification server -> client $/progress
18:13:49.856 [debug] Node port message: 
18:13:49.856 [debug] sent notification server -> client $/progress

18:13:50.324 [debug] Node port message: * creating /home/goku/.asdf/installs/elixir/1.19.4/.mix/elixir/1-19-otp-28/rebar3

18:13:50.324 [debug] sent notification server -> client $/progress
18:13:50.325 [debug] Node port message: 
18:13:50.324 [debug] sent notification server -> client $/progress

18:13:50.817 [debug] Node port message: Resolving Hex dependencies...

18:13:50.948 [debug] Node port message: Resolution completed in 0.128s

18:13:50.973 [debug] Node port message: Unchanged:

18:13:50.973 [debug] Node port message: [33m  bandit 1.10.0 RETIRED![0m
[33m    (other) Improper DEFLATE implementation[0m
  cc_precompiler 0.1.11

18:13:50.973 [debug] Node port message:   db_connection 2.8.1
  decimal 2.3.0

18:13:50.973 [debug] Node port message:   dns_cluster 0.2.0
  ecto 3.13.5

18:13:50.973 [debug] Node port message:   ecto_sql 3.13.4
  ecto_sqlite3 0.22.0

18:13:50.973 [debug] Node port message:   elixir_make 0.9.0

18:13:50.973 [debug] Node port message:   esbuild 0.10.0
  expo 1.1.1

18:13:50.973 [debug] Node port message:   exqlite 0.34.0
  file_system 1.1.1
  finch 0.20.0

18:13:50.973 [debug] Node port message:   fine 0.1.4
  gettext 0.26.2
  hpax 1.0.3

18:13:50.973 [debug] Node port message:   idna 6.1.1

18:13:50.973 [debug] Node port message:   jason 1.4.4

18:13:50.973 [debug] Node port message:   lazy_html 0.1.8

18:13:50.973 [debug] Node port message:   mime 2.0.7
  mint 1.7.1

18:13:50.974 [debug] Node port message:   nimble_options 1.1.1

18:13:50.974 [debug] Node port message:   nimble_pool 1.1.0
  phoenix 1.8.3
  phoenix_ecto 4.7.0
  phoenix_html 4.3.0
  phoenix_live_dashboard 0.8.7
  phoenix_live_reload 1.6.2
  phoenix_live_view 1.1.19
  phoenix_pubsub 2.2.0

18:13:50.974 [debug] Node port message:   phoenix_template 1.0.4
  plug 1.19.1

18:13:50.974 [debug] Node port message:   plug_crypto 2.1.1

18:13:50.974 [debug] Node port message:   req 0.5.16
  swoosh 1.20.0
  tailwind 0.4.1

18:13:50.974 [debug] Node port message:   telemetry 1.3.0
  telemetry_metrics 1.1.0
  telemetry_poller 1.3.0
  thousand_island 1.4.3
  unicode_util_compat 0.7.1
  websock 0.5.3

18:13:50.974 [debug] Node port message:   websock_adapter 0.5.9

18:13:51.010 [debug] Node port message: All dependencies have been fetched

18:13:51.016 [debug] sent notification server -> client $/progress
18:13:51.016 [debug] Node port message: 
18:13:51.016 [debug] sent notification server -> client $/progress

18:13:51.022 [debug] sent notification server -> client $/progress
18:13:51.022 [debug] Node port message: 
18:13:51.022 [debug] sent notification server -> client $/progress

18:13:51.026 [debug] sent notification server -> client $/progress
18:13:51.026 [debug] Node port message: 
18:13:51.025 [info] Loaded []

18:13:51.027 [debug] Node port message: 
18:13:51.026 [debug] sent notification server -> client $/progress

18:13:51.145 [debug] Node port message: 
18:13:51.144 [info] Compile completed with status noop Produced 0 diagnostics []

18:13:51.148 [debug] sent notification server -> client $/progress
18:13:51.148 [debug] Node port message: 
18:13:51.148 [debug] sent notification server -> client $/progress

18:13:51.150 [info] Compiled myapp in 1.9 seconds
18:13:51.153 [debug] Node port message: 
18:13:51.152 [info] Plugins found 0 results in 0.005 ms

18:13:51.435 [debug] Node port message: 
18:13:51.435 [notice] disk_log: repairing ~c"/home/goku/elixir/myapp/.expert/indexes/ets/28.2/1.19.4/3/updates.wal" ...


18:13:51.516 [debug] Node port message: 
18:13:51.515 [info] backend reports stale

18:13:51.621 [debug] sent request server -> client window/workDoneProgress/create
18:13:51.621 [debug] Node port message: 
18:13:51.621 [debug] sent request server -> client window/workDoneProgress/create

18:13:51.621 [debug] sent notification server -> client $/progress
18:13:51.622 [debug] Node port message: 
18:13:51.621 [debug] sent notification server -> client $/progress

18:13:51.623 [debug] sent notification server -> client $/progress
18:13:51.624 [debug] sent notification server -> client $/progress
18:13:51.624 [debug] sent notification server -> client $/progress
18:13:51.624 [debug] sent notification server -> client $/progress
18:13:51.624 [debug] Node port message: 
18:13:51.623 [debug] sent notification server -> client $/progress

18:13:51.624 [debug] Node port message: 
18:13:51.624 [debug] sent notification server -> client $/progress

18:13:51.624 [debug] Node port message: 
18:13:51.624 [debug] sent notification server -> client $/progress

18:13:51.624 [debug] Node port message: 
18:13:51.624 [debug] sent notification server -> client $/progress

18:13:51.904 [debug] sent notification server -> client $/progress
18:13:51.906 [debug] Node port message: 
18:13:51.904 [debug] sent notification server -> client $/progress

18:23:14.739 [debug] sent notification server -> client window/logMessage
18:23:14.739 [info] Shutting down
18:23:14.739 [debug] handled request client -> server shutdown in 2ms
